2026-09-30T19:35:33Z INF Thank you for trying Cloudflare Tunnel. Doing so, without a Cloudflare account, is a quick way to experiment and try it out. However, be aware that these account-less Tunnels have no uptime guarantee, are subject to the Cloudflare Online Services Terms of Use (https://www.cloudflare.com/website-terms/), and Cloudflare reserves the right to investigate your use of Tunnels for violations of such terms. If you intend to use Tunnels in production you should use a pre-created named tunnel by following: https://developers.cloudflare.com/cloudflare-one/connections/connect-apps
2026-09-30T19:35:33Z INF Requesting new quick Tunnel on trycloudflare.com...
2026-09-30T19:35:36Z INF +--------------------------------------------------------------------------------------------+
2026-09-30T19:35:36Z INF |  Your quick Tunnel has been created! Visit it at (it may take some time to be reachable):  |
2026-09-30T19:35:36Z INF |  https://accompanying-pride-charge-precious.trycloudflare.com                              |
2026-09-30T19:35:36Z INF +--------------------------------------------------------------------------------------------+
2026-09-30T19:35:36Z INF Cannot determine default configuration path. No file [config.yml config.yaml] in [~/.cloudflared ~/.cloudflare-warp ~/cloudflare-warp]
2026-09-30T19:35:36Z INF Version 2026.9.3 (Checksum f096265ec2fcbe9bb6e2d64268db167ced3fcbb83d894bdb9e2fcdb26f2ea7e2)
2026-09-30T19:35:36Z INF GOOS: windows, GOVersion: go1.26.8, GoArch: amd64
2026-09-30T19:35:36Z INF Settings: map[ha-connections:1 protocol:quic url:http://localhost:8080]
2026-09-30T19:35:36Z INF cloudflared will not automatically update on Windows systems.
2026-09-30T19:35:36Z INF Generated Connector ID: f0431bc6-ed2d-4a1c-bc90-c806c18febf4
2026-09-30T19:35:36Z INF Initial protocol quic
2026-09-30T19:35:36Z INF ICMP proxy will use 10.14.108.23 as source for IPv4
2026-09-30T19:35:36Z INF ICMP proxy will use fe80::b4f1:146f:b0b6:14e6 in zone Wi-Fi as source for IPv6
2026-09-30T19:35:36Z INF cloudflared does not support loading the system root certificate pool on Windows. Please use --origin-ca-pool <PATH> to specify the path to the certificate pool
2026-09-30T19:35:36Z INF ICMP proxy will use 10.14.108.23 as source for IPv4
2026-09-30T19:35:36Z INF Tunnel connection curve preferences: [X25519MLKEM768 CurveID(65074) CurveP256] connIndex=0 event=0 ip=198.41.200.53
2026-09-30T19:35:36Z INF ICMP proxy will use fe80::b4f1:146f:b0b6:14e6 in zone Wi-Fi as source for IPv6
2026-09-30T19:35:36Z INF Starting metrics server on 127.0.0.1:20242/metrics
2026-09-30T19:35:37Z INF +-------------------------------------------------------------------------------------+
2026-09-30T19:35:37Z INF |                               CONNECTIVITY PRE-CHECKS                               |
2026-09-30T19:35:37Z INF +-------------------------------------------------------------------------------------+
2026-09-30T19:35:37Z INF |  COMPONENT         TARGET                     STATUS  DETAILS                       |
2026-09-30T19:35:37Z INF |  DNS Resolution    region1.v2.argotunnel.com  PASS    DNS Resolved successfully     |
2026-09-30T19:35:37Z INF |  DNS Resolution    region2.v2.argotunnel.com  PASS    DNS Resolved successfully     |
2026-09-30T19:35:37Z INF |  UDP Connectivity  region1.v2.argotunnel.com  PASS    QUIC connection successful    |
2026-09-30T19:35:37Z INF |  UDP Connectivity  region2.v2.argotunnel.com  PASS    QUIC connection successful    |
2026-09-30T19:35:37Z INF |  TCP Connectivity  region1.v2.argotunnel.com  PASS    HTTP/2 connection successful  |
2026-09-30T19:35:37Z INF |  TCP Connectivity  region2.v2.argotunnel.com  PASS    HTTP/2 connection successful  |
2026-09-30T19:35:37Z INF |  Cloudflare API    api.cloudflare.com:443     PASS    API is reachable              |
2026-09-30T19:35:37Z INF |                                                                                     |
2026-09-30T19:35:37Z INF |  SUMMARY: Environment is healthy. cloudflared will use 'quic' as primary protocol.  |
2026-09-30T19:35:37Z INF +-------------------------------------------------------------------------------------+
2026-09-30T19:35:37Z INF precheck component="DNS Resolution" details="DNS Resolved successfully" run_id=0add0fd8-f744-4c3b-b12b-bb4e8176bd72 status=pass target=region1.v2.argotunnel.com
2026-09-30T19:35:37Z INF precheck component="DNS Resolution" details="DNS Resolved successfully" run_id=0add0fd8-f744-4c3b-b12b-bb4e8176bd72 status=pass target=region2.v2.argotunnel.com
2026-09-30T19:35:37Z INF precheck component="UDP Connectivity" details="QUIC connection successful" run_id=0add0fd8-f744-4c3b-b12b-bb4e8176bd72 status=pass target=region1.v2.argotunnel.com
2026-09-30T19:35:37Z INF precheck component="UDP Connectivity" details="QUIC connection successful" run_id=0add0fd8-f744-4c3b-b12b-bb4e8176bd72 status=pass target=region2.v2.argotunnel.com
2026-09-30T19:35:37Z INF precheck component="TCP Connectivity" details="HTTP/2 connection successful" run_id=0add0fd8-f744-4c3b-b12b-bb4e8176bd72 status=pass target=region1.v2.argotunnel.com
2026-09-30T19:35:37Z INF precheck component="TCP Connectivity" details="HTTP/2 connection successful" run_id=0add0fd8-f744-4c3b-b12b-bb4e8176bd72 status=pass target=region2.v2.argotunnel.com
2026-09-30T19:35:37Z INF precheck component="Cloudflare API" details="API is reachable" run_id=0add0fd8-f744-4c3b-b12b-bb4e8176bd72 status=pass target=api.cloudflare.com:443
2026-09-30T19:35:37Z INF precheck complete hard_fail=false run_id=0add0fd8-f744-4c3b-b12b-bb4e8176bd72 suggested_protocol=quic
2026-09-30T19:35:37Z INF Registered tunnel connection connIndex=0 connection=9cc18988-3646-4667-9337-56b20b98b820 event=0 ip=198.41.200.53 location=mia04 protocol=quic
